{"c":0}
function(...args) {
4
function(...args) {
5
5
5
5
