{"c":0}
0
0
0
function(...args) {
function(...args) {
function(...args) {
5
9
