{"c":0}
0
0
0
function () { [native code] }
function(...args) {
function(...args) {
5
6
6
