true
["1987-07-14","1987","07","14"]
0
["2015-02-22","2015","02","22"]
2015
02
